// Jest Snapshot v1, https://goo.gl/fbAQLP

exports[`Person should be rendered without errors 1`] = `
<div>
  <h2>
    John Doe
  </h2>
  <h3>
    joe
  </h3>
  
  <p>
    Aldebaran
  </p>
</div>
`;
