// Jest Snapshot v1, https://goo.gl/fbAQLP

exports[`Header should be rendered without errors 1`] = `
<header
  className="header"
>
  <h1
    className="title text-center mb-4"
  >
    test
  </h1>
</header>
`;
